C:/Users/santu/Documents/curso-lse/trabajo_integrador/sdks/trabajo_integrador_sdk/devices/LPC845/drivers/fsl_clock.h:676:24:CLOCK_GetCoreSysClkFreq	8	static
C:/Users/santu/Documents/curso-lse/trabajo_integrador/sdks/trabajo_integrador_sdk/devices/LPC845/drivers/fsl_clock.h:724:24:CLOCK_GetSystemPLLFreq	8	static
C:/Users/santu/Documents/curso-lse/trabajo_integrador/sdks/trabajo_integrador_sdk/devices/LPC845/drivers/fsl_clock.h:732:24:CLOCK_GetWdtOscFreq	8	static
C:/Users/santu/Documents/curso-lse/trabajo_integrador/sdks/trabajo_integrador_sdk/devices/LPC845/drivers/fsl_clock.h:740:24:CLOCK_GetExtClkFreq	8	static
C:/Users/santu/Documents/curso-lse/trabajo_integrador/sdks/trabajo_integrador_sdk/devices/LPC845/drivers/fsl_clock.c:61:17:CLOCK_GetFRGInputClkFreq	24	static
C:/Users/santu/Documents/curso-lse/trabajo_integrador/sdks/trabajo_integrador_sdk/devices/LPC845/drivers/fsl_clock.c:79:13:CLOCK_SetFRGClkFreq	56	static
C:/Users/santu/Documents/curso-lse/trabajo_integrador/sdks/trabajo_integrador_sdk/devices/LPC845/drivers/fsl_clock.c:99:13:CLOCK_UpdateClkSrc	16	static
C:/Users/santu/Documents/curso-lse/trabajo_integrador/sdks/trabajo_integrador_sdk/devices/LPC845/drivers/fsl_clock.c:115:6:CLOCK_SetFRG0ClkFreq	16	static
C:/Users/santu/Documents/curso-lse/trabajo_integrador/sdks/trabajo_integrador_sdk/devices/LPC845/drivers/fsl_clock.c:125:6:CLOCK_SetFRG1ClkFreq	16	static
C:/Users/santu/Documents/curso-lse/trabajo_integrador/sdks/trabajo_integrador_sdk/devices/LPC845/drivers/fsl_clock.c:133:10:CLOCK_GetFRG0ClkFreq	40	static
C:/Users/santu/Documents/curso-lse/trabajo_integrador/sdks/trabajo_integrador_sdk/devices/LPC845/drivers/fsl_clock.c:144:10:CLOCK_GetFRG1ClkFreq	40	static
C:/Users/santu/Documents/curso-lse/trabajo_integrador/sdks/trabajo_integrador_sdk/devices/LPC845/drivers/fsl_clock.c:155:10:CLOCK_GetMainClkFreq	16	static
C:/Users/santu/Documents/curso-lse/trabajo_integrador/sdks/trabajo_integrador_sdk/devices/LPC845/drivers/fsl_clock.c:192:10:CLOCK_GetFroFreq	16	static
C:/Users/santu/Documents/curso-lse/trabajo_integrador/sdks/trabajo_integrador_sdk/devices/LPC845/drivers/fsl_clock.c:222:10:CLOCK_GetClockOutClkFreq	16	static
C:/Users/santu/Documents/curso-lse/trabajo_integrador/sdks/trabajo_integrador_sdk/devices/LPC845/drivers/fsl_clock.c:259:10:CLOCK_GetUart0ClkFreq	16	static
C:/Users/santu/Documents/curso-lse/trabajo_integrador/sdks/trabajo_integrador_sdk/devices/LPC845/drivers/fsl_clock.c:292:10:CLOCK_GetUart1ClkFreq	16	static
C:/Users/santu/Documents/curso-lse/trabajo_integrador/sdks/trabajo_integrador_sdk/devices/LPC845/drivers/fsl_clock.c:325:10:CLOCK_GetUart2ClkFreq	16	static
C:/Users/santu/Documents/curso-lse/trabajo_integrador/sdks/trabajo_integrador_sdk/devices/LPC845/drivers/fsl_clock.c:358:10:CLOCK_GetUart3ClkFreq	16	static
C:/Users/santu/Documents/curso-lse/trabajo_integrador/sdks/trabajo_integrador_sdk/devices/LPC845/drivers/fsl_clock.c:391:10:CLOCK_GetUart4ClkFreq	16	static
C:/Users/santu/Documents/curso-lse/trabajo_integrador/sdks/trabajo_integrador_sdk/devices/LPC845/drivers/fsl_clock.c:424:10:CLOCK_GetFreq	24	static
C:/Users/santu/Documents/curso-lse/trabajo_integrador/sdks/trabajo_integrador_sdk/devices/LPC845/drivers/fsl_clock.c:469:10:CLOCK_GetSystemPLLInClockRate	16	static
C:/Users/santu/Documents/curso-lse/trabajo_integrador/sdks/trabajo_integrador_sdk/devices/LPC845/drivers/fsl_clock.c:500:17:findSyestemPllPsel	24	static
C:/Users/santu/Documents/curso-lse/trabajo_integrador/sdks/trabajo_integrador_sdk/devices/LPC845/drivers/fsl_clock.c:527:6:CLOCK_InitSystemPll	32	static
C:/Users/santu/Documents/curso-lse/trabajo_integrador/sdks/trabajo_integrador_sdk/devices/LPC845/drivers/fsl_clock.c:565:6:CLOCK_InitExtClkin	16	static
C:/Users/santu/Documents/curso-lse/trabajo_integrador/sdks/trabajo_integrador_sdk/devices/LPC845/drivers/fsl_clock.c:582:6:CLOCK_InitXtalin	16	static
C:/Users/santu/Documents/curso-lse/trabajo_integrador/sdks/trabajo_integrador_sdk/devices/LPC845/drivers/fsl_clock.c:606:6:CLOCK_InitSysOsc	24	static
C:/Users/santu/Documents/curso-lse/trabajo_integrador/sdks/trabajo_integrador_sdk/devices/LPC845/drivers/fsl_clock.c:643:6:CLOCK_InitWdtOsc	24	static
C:/Users/santu/Documents/curso-lse/trabajo_integrador/sdks/trabajo_integrador_sdk/devices/LPC845/drivers/fsl_clock.c:665:6:CLOCK_SetMainClkSrc	24	static
C:/Users/santu/Documents/curso-lse/trabajo_integrador/sdks/trabajo_integrador_sdk/devices/LPC845/drivers/fsl_clock.c:687:6:CLOCK_SetFroOutClkSrc	16	static
C:/Users/santu/Documents/curso-lse/trabajo_integrador/sdks/trabajo_integrador_sdk/devices/LPC845/drivers/fsl_clock.c:700:6:CLOCK_SetFLASHAccessCyclesForFreq	24	static
